Component: ARM Compiler 5.06 (build 20) Tool: armlink [4d35a3]

==============================================================================

Section Cross References

    startup_mkl02z4.o(STACK) refers (Special) to heapauxi.o(.text) for __use_two_region_memory
    startup_mkl02z4.o(HEAP) refers (Special) to heapauxi.o(.text) for __use_two_region_memory
    startup_mkl02z4.o(RESET) refers (Special) to heapauxi.o(.text) for __use_two_region_memory
    startup_mkl02z4.o(RESET) refers to startup_mkl02z4.o(STACK) for __initial_sp
    startup_mkl02z4.o(RESET) refers to startup_mkl02z4.o(.text) for Reset_Handler
    startup_mkl02z4.o(.ARM.__at_0x400) refers (Special) to heapauxi.o(.text) for __use_two_region_memory
    startup_mkl02z4.o(.text) refers (Special) to heapauxi.o(.text) for __use_two_region_memory
    startup_mkl02z4.o(.text) refers to system_mkl02z4.o(i.initialRwData) for initialRwData
    startup_mkl02z4.o(.text) refers to system_mkl02z4.o(i.initialZiData) for initialZiData
    startup_mkl02z4.o(.text) refers to system_mkl02z4.o(i.SystemInit) for SystemInit
    startup_mkl02z4.o(.text) refers to main.o(i.AppMain) for AppMain
    startup_mkl02z4.o(.text) refers to startup_mkl02z4.o(HEAP) for Heap_Mem
    startup_mkl02z4.o(.text) refers to startup_mkl02z4.o(STACK) for Stack_Mem
    system_mkl02z4.o(i.SystemCoreClockUpdate) refers to aeabi_sdiv.o(.text) for __aeabi_uidivmod
    system_mkl02z4.o(i.SystemCoreClockUpdate) refers to system_mkl02z4.o(i.__ARM_common_switch8) for __ARM_common_switch8
    system_mkl02z4.o(i.SystemCoreClockUpdate) refers to system_mkl02z4.o(.data) for SystemCoreClock
    aeabi_idiv0_sigfpe.o(.text) refers to rt_div0.o(.text) for __rt_div0
    rt_div0.o(.text) refers to defsig_fpe_outer.o(.text) for __rt_SIGFPE
    defsig_fpe_outer.o(.text) refers to defsig_fpe_inner.o(.text) for __rt_SIGFPE_inner
    defsig_fpe_outer.o(.text) refers to defsig_exit.o(.text) for __sig_exit
    defsig_fpe_formal.o(.text) refers to rt_raise.o(.text) for __rt_raise
    rt_raise.o(.text) refers to __raise.o(.text) for __raise
    rt_raise.o(.text) refers to sys_exit.o(.text) for _sys_exit
    defsig_exit.o(.text) refers to sys_exit.o(.text) for _sys_exit
    defsig_fpe_inner.o(.text) refers to defsig_general.o(.text) for __default_signal_display
    sys_exit.o(.text) refers (Special) to use_no_semi.o(.text) for __I$use$semihosting
    sys_exit.o(.text) refers (Special) to indicate_semi.o(.text) for __semihosting_library_function
    __raise.o(.text) refers to defsig.o(CL$$defsig) for __default_signal_handler
    defsig_general.o(.text) refers to sys_wrch.o(.text) for _ttywrch
    sys_wrch.o(.text) refers (Special) to use_no_semi.o(.text) for __I$use$semihosting
    sys_wrch.o(.text) refers (Special) to indicate_semi.o(.text) for __semihosting_library_function
    defsig.o(CL$$defsig) refers to defsig_fpe_inner.o(.text) for __rt_SIGFPE_inner
    defsig_abrt_inner.o(.text) refers to defsig_general.o(.text) for __default_signal_display
    defsig_rtred_inner.o(.text) refers to defsig_general.o(.text) for __default_signal_display
    defsig_rtmem_inner.o(.text) refers to defsig_general.o(.text) for __default_signal_display
    defsig_stak_inner.o(.text) refers to defsig_general.o(.text) for __default_signal_display
    defsig_pvfn_inner.o(.text) refers to defsig_general.o(.text) for __default_signal_display
    defsig_cppl_inner.o(.text) refers to defsig_general.o(.text) for __default_signal_display
    defsig_segv_inner.o(.text) refers to defsig_general.o(.text) for __default_signal_display
    defsig_other.o(.text) refers to defsig_general.o(.text) for __default_signal_display


==============================================================================

Image Symbol Table

    Local Symbols

    Symbol Name                              Value     Ov Type        Size  Object(Section)

    RESET                                    0x00000000   Section      192  startup_mkl02z4.o(RESET)
    ../clib/angel/rt.s                       0x00000000   Number         0  rt_raise.o ABSOLUTE
    ../clib/angel/rt.s                       0x00000000   Number         0  rt_div0.o ABSOLUTE
    ../clib/angel/rt.s                       0x00000000   Number         0  aeabi_idiv0.o ABSOLUTE
    ../clib/angel/rt.s                       0x00000000   Number         0  aeabi_idiv0_sigfpe.o ABSOLUTE
    ../clib/angel/sys.s                      0x00000000   Number         0  indicate_semi.o ABSOLUTE
    ../clib/angel/sys.s                      0x00000000   Number         0  use_no_semi.o ABSOLUTE
    ../clib/angel/sysapp.c                   0x00000000   Number         0  sys_wrch.o ABSOLUTE
    ../clib/angel/sysapp.c                   0x00000000   Number         0  sys_exit.o ABSOLUTE
    ../clib/division.s                       0x00000000   Number         0  aeabi_sdiv_div0.o ABSOLUTE
    ../clib/division.s                       0x00000000   Number         0  aeabi_sdiv.o ABSOLUTE
    ../clib/heapaux.c                        0x00000000   Number         0  heapauxi.o ABSOLUTE
    ../clib/signal.c                         0x00000000   Number         0  defsig_other.o ABSOLUTE
    ../clib/signal.c                         0x00000000   Number         0  defsig_rtred_inner.o ABSOLUTE
    ../clib/signal.c                         0x00000000   Number         0  defsig_fpe_outer.o ABSOLUTE
    ../clib/signal.c                         0x00000000   Number         0  defsig_fpe_formal.o ABSOLUTE
    ../clib/signal.c                         0x00000000   Number         0  defsig_exit.o ABSOLUTE
    ../clib/signal.c                         0x00000000   Number         0  defsig_fpe_inner.o ABSOLUTE
    ../clib/signal.c                         0x00000000   Number         0  __raise.o ABSOLUTE
    ../clib/signal.c                         0x00000000   Number         0  defsig_general.o ABSOLUTE
    ../clib/signal.c                         0x00000000   Number         0  defsig_abrt_inner.o ABSOLUTE
    ../clib/signal.c                         0x00000000   Number         0  defsig_rtmem_inner.o ABSOLUTE
    ../clib/signal.c                         0x00000000   Number         0  defsig_stak_inner.o ABSOLUTE
    ../clib/signal.c                         0x00000000   Number         0  defsig_pvfn_inner.o ABSOLUTE
    ../clib/signal.c                         0x00000000   Number         0  defsig_cppl_inner.o ABSOLUTE
    ../clib/signal.c                         0x00000000   Number         0  defsig_segv_inner.o ABSOLUTE
    ../clib/signal.s                         0x00000000   Number         0  defsig.o ABSOLUTE
    ..\C\main.c                              0x00000000   Number         0  main.o ABSOLUTE
    ..\System\startup_MKL02Z4.s              0x00000000   Number         0  startup_mkl02z4.o ABSOLUTE
    ..\System\system_MKL02Z4.c               0x00000000   Number         0  system_mkl02z4.o ABSOLUTE
    ..\\C\\main.c                            0x00000000   Number         0  main.o ABSOLUTE
    ..\\System\\system_MKL02Z4.c             0x00000000   Number         0  system_mkl02z4.o ABSOLUTE
    dc.s                                     0x00000000   Number         0  dc.o ABSOLUTE
    .rev16_text                              0x000000c0   Section        4  system_mkl02z4.o(.rev16_text)
    .rev16_text                              0x000000c4   Section        4  main.o(.rev16_text)
    .revsh_text                              0x000000c8   Section        4  system_mkl02z4.o(.revsh_text)
    .revsh_text                              0x000000cc   Section        4  main.o(.revsh_text)
    .text                                    0x000000d0   Section       64  startup_mkl02z4.o(.text)
    .text                                    0x00000110   Section      346  aeabi_sdiv.o(.text)
    .text                                    0x0000026a   Section        0  heapauxi.o(.text)
    i.AppMain                                0x00000270   Section        0  main.o(i.AppMain)
    i.SystemCoreClockUpdate                  0x00000274   Section        0  system_mkl02z4.o(i.SystemCoreClockUpdate)
    i.__ARM_common_switch8                   0x0000038c   Section        0  system_mkl02z4.o(i.__ARM_common_switch8)
    i.initialRwData                          0x000003a8   Section        0  system_mkl02z4.o(i.initialRwData)
    i.initialZiData                          0x000003d0   Section        0  system_mkl02z4.o(i.initialZiData)
    .ARM.__at_0x400                          0x00000400   Section       16  startup_mkl02z4.o(.ARM.__at_0x400)
    i.SystemInit                             0x00000410   Section        0  system_mkl02z4.o(i.SystemInit)
    .data                                    0x1ffffc00   Section        4  system_mkl02z4.o(.data)
    .data                                    0x1ffffc04   Section        3  main.o(.data)
    .bss                                     0x1ffffc08   Section       30  main.o(.bss)
    HEAP                                     0x1ffffc28   Section        0  startup_mkl02z4.o(HEAP)
    STACK                                    0x1ffffc28   Section      256  startup_mkl02z4.o(STACK)
    Heap_Mem                                 0x1ffffc28   Data           0  startup_mkl02z4.o(HEAP)
    Stack_Mem                                0x1ffffc28   Data         256  startup_mkl02z4.o(STACK)
    __initial_sp                             0x1ffffd28   Data           0  startup_mkl02z4.o(STACK)

    Global Symbols

    Symbol Name                              Value     Ov Type        Size  Object(Section)

    BuildAttributes$$THM_ISAv3M$S$PE$A:L22$X:L11$S22$IEEE1$IW$USESV6$~STKCKD$USESV7$~SHL$OSPACE$ROPI$EBA8$STANDARDLIB$REQ8$PRES8$EABIv2 0x00000000   Number         0  anon$$obj.o ABSOLUTE
    __Vectors                                0x00000000   Data           4  startup_mkl02z4.o(RESET)
    __sigvec_lookup                           - Undefined Weak Reference
    __Vectors_End                            0x000000c0   Data           0  startup_mkl02z4.o(RESET)
    __Vectors_Size                           0x000000c0   Number         0  startup_mkl02z4.o ABSOLUTE
    __asm___16_system_MKL02Z4_c_5d646a67____REV16 0x000000c1   Thumb Code     4  system_mkl02z4.o(.rev16_text)
    __asm___6_main_c_test1____REV16          0x000000c5   Thumb Code     4  main.o(.rev16_text)
    __asm___16_system_MKL02Z4_c_5d646a67____REVSH 0x000000c9   Thumb Code     4  system_mkl02z4.o(.revsh_text)
    __asm___6_main_c_test1____REVSH          0x000000cd   Thumb Code     4  main.o(.revsh_text)
    Reset_Handler                            0x000000d1   Thumb Code    20  startup_mkl02z4.o(.text)
    NMI_Handler                              0x000000e5   Thumb Code     2  startup_mkl02z4.o(.text)
    HardFault_Handler                        0x000000e7   Thumb Code     2  startup_mkl02z4.o(.text)
    SVC_Handler                              0x000000e9   Thumb Code     2  startup_mkl02z4.o(.text)
    PendSV_Handler                           0x000000eb   Thumb Code     2  startup_mkl02z4.o(.text)
    SysTick_Handler                          0x000000ed   Thumb Code     2  startup_mkl02z4.o(.text)
    ADC0_IRQHandler                          0x000000ef   Thumb Code     0  startup_mkl02z4.o(.text)
    CMP0_IRQHandler                          0x000000ef   Thumb Code     0  startup_mkl02z4.o(.text)
    DefaultISR                               0x000000ef   Thumb Code     0  startup_mkl02z4.o(.text)
    FTFA_IRQHandler                          0x000000ef   Thumb Code     0  startup_mkl02z4.o(.text)
    I2C0_IRQHandler                          0x000000ef   Thumb Code     0  startup_mkl02z4.o(.text)
    I2C1_IRQHandler                          0x000000ef   Thumb Code     0  startup_mkl02z4.o(.text)
    LVD_LVW_IRQHandler                       0x000000ef   Thumb Code     0  startup_mkl02z4.o(.text)
    MCG_IRQHandler                           0x000000ef   Thumb Code     0  startup_mkl02z4.o(.text)
    PORTA_IRQHandler                         0x000000ef   Thumb Code     0  startup_mkl02z4.o(.text)
    PORTB_IRQHandler                         0x000000ef   Thumb Code     0  startup_mkl02z4.o(.text)
    Reserved16_IRQHandler                    0x000000ef   Thumb Code     0  startup_mkl02z4.o(.text)
    Reserved17_IRQHandler                    0x000000ef   Thumb Code     0  startup_mkl02z4.o(.text)
    Reserved18_IRQHandler                    0x000000ef   Thumb Code     0  startup_mkl02z4.o(.text)
    Reserved19_IRQHandler                    0x000000ef   Thumb Code     0  startup_mkl02z4.o(.text)
    Reserved20_IRQHandler                    0x000000ef   Thumb Code     0  startup_mkl02z4.o(.text)
    Reserved23_IRQHandler                    0x000000ef   Thumb Code     0  startup_mkl02z4.o(.text)
    Reserved27_IRQHandler                    0x000000ef   Thumb Code     0  startup_mkl02z4.o(.text)
    Reserved29_IRQHandler                    0x000000ef   Thumb Code     0  startup_mkl02z4.o(.text)
    Reserved30_IRQHandler                    0x000000ef   Thumb Code     0  startup_mkl02z4.o(.text)
    Reserved35_IRQHandler                    0x000000ef   Thumb Code     0  startup_mkl02z4.o(.text)
    Reserved36_IRQHandler                    0x000000ef   Thumb Code     0  startup_mkl02z4.o(.text)
    Reserved37_IRQHandler                    0x000000ef   Thumb Code     0  startup_mkl02z4.o(.text)
    Reserved38_IRQHandler                    0x000000ef   Thumb Code     0  startup_mkl02z4.o(.text)
    Reserved39_IRQHandler                    0x000000ef   Thumb Code     0  startup_mkl02z4.o(.text)
    Reserved40_IRQHandler                    0x000000ef   Thumb Code     0  startup_mkl02z4.o(.text)
    Reserved41_IRQHandler                    0x000000ef   Thumb Code     0  startup_mkl02z4.o(.text)
    Reserved42_IRQHandler                    0x000000ef   Thumb Code     0  startup_mkl02z4.o(.text)
    Reserved45_IRQHandler                    0x000000ef   Thumb Code     0  startup_mkl02z4.o(.text)
    SPI0_IRQHandler                          0x000000ef   Thumb Code     0  startup_mkl02z4.o(.text)
    TPM0_IRQHandler                          0x000000ef   Thumb Code     0  startup_mkl02z4.o(.text)
    TPM1_IRQHandler                          0x000000ef   Thumb Code     0  startup_mkl02z4.o(.text)
    TimerHandler                             0x000000ef   Thumb Code     0  startup_mkl02z4.o(.text)
    UART0_IRQHandler                         0x000000ef   Thumb Code     0  startup_mkl02z4.o(.text)
    __user_initial_stackheap                 0x000000f1   Thumb Code     0  startup_mkl02z4.o(.text)
    __aeabi_uidiv                            0x00000111   Thumb Code     0  aeabi_sdiv.o(.text)
    __aeabi_uidivmod                         0x00000111   Thumb Code    20  aeabi_sdiv.o(.text)
    __aeabi_idiv                             0x00000125   Thumb Code     0  aeabi_sdiv.o(.text)
    __aeabi_idivmod                          0x00000125   Thumb Code   326  aeabi_sdiv.o(.text)
    __use_two_region_memory                  0x0000026b   Thumb Code     2  heapauxi.o(.text)
    __rt_heap_escrow$2region                 0x0000026d   Thumb Code     2  heapauxi.o(.text)
    __rt_heap_expand$2region                 0x0000026f   Thumb Code     2  heapauxi.o(.text)
    AppMain                                  0x00000271   Thumb Code     4  main.o(i.AppMain)
    SystemCoreClockUpdate                    0x00000275   Thumb Code   254  system_mkl02z4.o(i.SystemCoreClockUpdate)
    __ARM_common_switch8                     0x0000038d   Thumb Code    28  system_mkl02z4.o(i.__ARM_common_switch8)
    initialRwData                            0x000003a9   Thumb Code    26  system_mkl02z4.o(i.initialRwData)
    initialZiData                            0x000003d1   Thumb Code    24  system_mkl02z4.o(i.initialZiData)
    SystemInit                               0x00000411   Thumb Code   126  system_mkl02z4.o(i.SystemInit)
    Image$$ER_IROM1$$Limit                   0x000004a8   Number         0  anon$$obj.o ABSOLUTE
    Image$$RW_IRAM1$$Base                    0x1ffffc00   Number         0  anon$$obj.o ABSOLUTE
    SystemCoreClock                          0x1ffffc00   Data           4  system_mkl02z4.o(.data)
    test1                                    0x1ffffc04   Data           1  main.o(.data)
    test3                                    0x1ffffc05   Data           1  main.o(.data)
    test4                                    0x1ffffc06   Data           1  main.o(.data)
    Image$$RW_IRAM1$$Limit                   0x1ffffc08   Number         0  anon$$obj.o ABSOLUTE
    Image$$ZI_IRAM1$$Base                    0x1ffffc08   Number         0  anon$$obj.o ABSOLUTE
    test2                                    0x1ffffc08   Data          30  main.o(.bss)
    Image$$ZI_RAM_END$$Base                  0x1ffffd28   Number         0  anon$$obj.o ABSOLUTE



==============================================================================

Memory Map of the image

  Image entry point : Not specified.

  Load Region LR_IROM1 (Base: 0x00000000, Size: 0x000004b0, Max: 0x00008000, ABSOLUTE)

    Execution Region ER_IROM1 (Base: 0x00000000, Size: 0x000004a8, Max: 0x00008000, ABSOLUTE)

    Base Addr    Size         Type   Attr      Idx    E Section Name        Object

    0x00000000   0x000000c0   Data   RO            3    RESET               startup_mkl02z4.o
    0x000000c0   0x00000004   Code   RO           13    .rev16_text         system_mkl02z4.o
    0x000000c4   0x00000004   Code   RO           76    .rev16_text         main.o
    0x000000c8   0x00000004   Code   RO           14    .revsh_text         system_mkl02z4.o
    0x000000cc   0x00000004   Code   RO           77    .revsh_text         main.o
    0x000000d0   0x00000040   Code   RO            5    .text               startup_mkl02z4.o
    0x00000110   0x0000015a   Code   RO          106    .text               c_p.l(aeabi_sdiv.o)
    0x0000026a   0x00000006   Code   RO          110    .text               c_p.l(heapauxi.o)
    0x00000270   0x00000004   Code   RO           78    i.AppMain           main.o
    0x00000274   0x00000118   Code   RO           15    i.SystemCoreClockUpdate  system_mkl02z4.o
    0x0000038c   0x0000001c   Code   RO           51    i.__ARM_common_switch8  system_mkl02z4.o
    0x000003a8   0x00000028   Code   RO           17    i.initialRwData     system_mkl02z4.o
    0x000003d0   0x00000020   Code   RO           18    i.initialZiData     system_mkl02z4.o
    0x000003f0   0x00000010   PAD
    0x00000400   0x00000010   Code   RO            4    .ARM.__at_0x400     startup_mkl02z4.o
    0x00000410   0x00000098   Code   RO           16    i.SystemInit        system_mkl02z4.o


    Execution Region RW_IRAM1 (Base: 0x1ffffc00, Size: 0x00000008, Max: 0xffffffff, ABSOLUTE)

    Base Addr    Size         Type   Attr      Idx    E Section Name        Object

    0x1ffffc00   0x00000004   Data   RW           19    .data               system_mkl02z4.o
    0x1ffffc04   0x00000003   Data   RW           80    .data               main.o


    Execution Region ZI_IRAM1 (Base: 0x1ffffc08, Size: 0x00000120, Max: 0xffffffff, ABSOLUTE)

    Base Addr    Size         Type   Attr      Idx    E Section Name        Object

    0x1ffffc08   0x0000001e   Zero   RW           79    .bss                main.o
    0x1ffffc26   0x00000002   PAD
    0x1ffffc28   0x00000000   Zero   RW            2    HEAP                startup_mkl02z4.o
    0x1ffffc28   0x00000100   Zero   RW            1    STACK               startup_mkl02z4.o


    Execution Region ZI_RAM_END (Base: 0x1ffffd28, Size: 0x00000000, Max: 0xffffffff, ABSOLUTE)

    **** No section assigned to this execution region ****


==============================================================================

Image component sizes


      Code (inc. data)   RO Data    RW Data    ZI Data      Debug   Object Name

        12          0          0          3         30       1588   main.o
        80         38        192          0        256        820   startup_mkl02z4.o
       540         84          0          4          0       7691   system_mkl02z4.o

    ----------------------------------------------------------------------
       648        138        192          8        288      10099   Object Totals
         0          0          0          0          0          0   (incl. Generated)
        16         16          0          1          2          0   (incl. Padding)

    ----------------------------------------------------------------------

      Code (inc. data)   RO Data    RW Data    ZI Data      Debug   Library Member Name

       346          0          0          0          0         92   aeabi_sdiv.o
         6          0          0          0          0        136   heapauxi.o

    ----------------------------------------------------------------------
       352          0          0          0          0        228   Library Totals
         0          0          0          0          0          0   (incl. Padding)

    ----------------------------------------------------------------------

      Code (inc. data)   RO Data    RW Data    ZI Data      Debug   Library Name

       352          0          0          0          0        228   c_p.l

    ----------------------------------------------------------------------
       352          0          0          0          0        228   Library Totals

    ----------------------------------------------------------------------

==============================================================================


      Code (inc. data)   RO Data    RW Data    ZI Data      Debug   

      1000        138        192          8        288       9891   Grand Totals
      1000        138        192          8        288       9891   ELF Image Totals
      1000        138        192          8          0          0   ROM Totals

==============================================================================

    Total RO  Size (Code + RO Data)                 1192 (   1.16kB)
    Total RW  Size (RW Data + ZI Data)               296 (   0.29kB)
    Total ROM Size (Code + RO Data + RW Data)       1200 (   1.17kB)

==============================================================================

