<!doctype html public "-//w3c//dtd html 4.0 transitional//en">
<html><head>
<title>Static Call Graph - [.\Objects\project.axf]</title></head>
<body><HR>
<H1>Static Call Graph for image .\Objects\project.axf</H1><HR>
<BR><P>#&#060CALLGRAPH&#062# ARM Linker, 5060020: Last Updated: Mon Mar 07 21:51:09 2016
<BR><P>
<H3>Maximum Stack Usage =          0 bytes + Unknown(Functions without stacksize, Cycles, Untraceable Function Pointers)</H3><H3>
Call chain for Maximum Stack Depth:</H3>

<P>
<H3>
Functions with no stack information
</H3><UL>
 <LI><a href="#[31]">__user_initial_stackheap</a>
</UL>
</UL>
<P>
<H3>
Mutually Recursive functions
</H3> <LI><a href="#[2]">NMI_Handler</a>&nbsp;&nbsp;&nbsp;&rArr;&nbsp;&nbsp;&nbsp;<a href="#[2]">NMI_Handler</a><BR>
 <LI><a href="#[3]">HardFault_Handler</a>&nbsp;&nbsp;&nbsp;&rArr;&nbsp;&nbsp;&nbsp;<a href="#[3]">HardFault_Handler</a><BR>
 <LI><a href="#[4]">SVC_Handler</a>&nbsp;&nbsp;&nbsp;&rArr;&nbsp;&nbsp;&nbsp;<a href="#[4]">SVC_Handler</a><BR>
 <LI><a href="#[5]">PendSV_Handler</a>&nbsp;&nbsp;&nbsp;&rArr;&nbsp;&nbsp;&nbsp;<a href="#[5]">PendSV_Handler</a><BR>
 <LI><a href="#[6]">SysTick_Handler</a>&nbsp;&nbsp;&nbsp;&rArr;&nbsp;&nbsp;&nbsp;<a href="#[6]">SysTick_Handler</a><BR>
 <LI><a href="#[16]">ADC0_IRQHandler</a>&nbsp;&nbsp;&nbsp;&rArr;&nbsp;&nbsp;&nbsp;<a href="#[16]">ADC0_IRQHandler</a><BR>
</UL>
<P>
<H3>
Function Pointers
</H3><UL>
 <LI><a href="#[16]">ADC0_IRQHandler</a> from startup_mkl02z4.o(.text) referenced from startup_mkl02z4.o(RESET)
 <LI><a href="#[28]">AppMain</a> from main.o(i.AppMain) referenced from startup_mkl02z4.o(.text)
 <LI><a href="#[17]">CMP0_IRQHandler</a> from startup_mkl02z4.o(.text) referenced from startup_mkl02z4.o(RESET)
 <LI><a href="#[c]">FTFA_IRQHandler</a> from startup_mkl02z4.o(.text) referenced from startup_mkl02z4.o(RESET)
 <LI><a href="#[3]">HardFault_Handler</a> from startup_mkl02z4.o(.text) referenced from startup_mkl02z4.o(RESET)
 <LI><a href="#[f]">I2C0_IRQHandler</a> from startup_mkl02z4.o(.text) referenced from startup_mkl02z4.o(RESET)
 <LI><a href="#[10]">I2C1_IRQHandler</a> from startup_mkl02z4.o(.text) referenced from startup_mkl02z4.o(RESET)
 <LI><a href="#[d]">LVD_LVW_IRQHandler</a> from startup_mkl02z4.o(.text) referenced from startup_mkl02z4.o(RESET)
 <LI><a href="#[22]">MCG_IRQHandler</a> from startup_mkl02z4.o(.text) referenced from startup_mkl02z4.o(RESET)
 <LI><a href="#[2]">NMI_Handler</a> from startup_mkl02z4.o(.text) referenced from startup_mkl02z4.o(RESET)
 <LI><a href="#[25]">PORTA_IRQHandler</a> from startup_mkl02z4.o(.text) referenced from startup_mkl02z4.o(RESET)
 <LI><a href="#[26]">PORTB_IRQHandler</a> from startup_mkl02z4.o(.text) referenced from startup_mkl02z4.o(RESET)
 <LI><a href="#[5]">PendSV_Handler</a> from startup_mkl02z4.o(.text) referenced from startup_mkl02z4.o(RESET)
 <LI><a href="#[7]">Reserved16_IRQHandler</a> from startup_mkl02z4.o(.text) referenced from startup_mkl02z4.o(RESET)
 <LI><a href="#[8]">Reserved17_IRQHandler</a> from startup_mkl02z4.o(.text) referenced from startup_mkl02z4.o(RESET)
 <LI><a href="#[9]">Reserved18_IRQHandler</a> from startup_mkl02z4.o(.text) referenced from startup_mkl02z4.o(RESET)
 <LI><a href="#[a]">Reserved19_IRQHandler</a> from startup_mkl02z4.o(.text) referenced from startup_mkl02z4.o(RESET)
 <LI><a href="#[b]">Reserved20_IRQHandler</a> from startup_mkl02z4.o(.text) referenced from startup_mkl02z4.o(RESET)
 <LI><a href="#[e]">Reserved23_IRQHandler</a> from startup_mkl02z4.o(.text) referenced from startup_mkl02z4.o(RESET)
 <LI><a href="#[12]">Reserved27_IRQHandler</a> from startup_mkl02z4.o(.text) referenced from startup_mkl02z4.o(RESET)
 <LI><a href="#[14]">Reserved29_IRQHandler</a> from startup_mkl02z4.o(.text) referenced from startup_mkl02z4.o(RESET)
 <LI><a href="#[15]">Reserved30_IRQHandler</a> from startup_mkl02z4.o(.text) referenced from startup_mkl02z4.o(RESET)
 <LI><a href="#[1a]">Reserved35_IRQHandler</a> from startup_mkl02z4.o(.text) referenced from startup_mkl02z4.o(RESET)
 <LI><a href="#[1b]">Reserved36_IRQHandler</a> from startup_mkl02z4.o(.text) referenced from startup_mkl02z4.o(RESET)
 <LI><a href="#[1c]">Reserved37_IRQHandler</a> from startup_mkl02z4.o(.text) referenced from startup_mkl02z4.o(RESET)
 <LI><a href="#[1d]">Reserved38_IRQHandler</a> from startup_mkl02z4.o(.text) referenced from startup_mkl02z4.o(RESET)
 <LI><a href="#[1e]">Reserved39_IRQHandler</a> from startup_mkl02z4.o(.text) referenced from startup_mkl02z4.o(RESET)
 <LI><a href="#[1f]">Reserved40_IRQHandler</a> from startup_mkl02z4.o(.text) referenced from startup_mkl02z4.o(RESET)
 <LI><a href="#[20]">Reserved41_IRQHandler</a> from startup_mkl02z4.o(.text) referenced from startup_mkl02z4.o(RESET)
 <LI><a href="#[21]">Reserved42_IRQHandler</a> from startup_mkl02z4.o(.text) referenced from startup_mkl02z4.o(RESET)
 <LI><a href="#[24]">Reserved45_IRQHandler</a> from startup_mkl02z4.o(.text) referenced from startup_mkl02z4.o(RESET)
 <LI><a href="#[1]">Reset_Handler</a> from startup_mkl02z4.o(.text) referenced from startup_mkl02z4.o(RESET)
 <LI><a href="#[11]">SPI0_IRQHandler</a> from startup_mkl02z4.o(.text) referenced from startup_mkl02z4.o(RESET)
 <LI><a href="#[4]">SVC_Handler</a> from startup_mkl02z4.o(.text) referenced from startup_mkl02z4.o(RESET)
 <LI><a href="#[6]">SysTick_Handler</a> from startup_mkl02z4.o(.text) referenced from startup_mkl02z4.o(RESET)
 <LI><a href="#[27]">SystemInit</a> from system_mkl02z4.o(i.SystemInit) referenced from startup_mkl02z4.o(.text)
 <LI><a href="#[18]">TPM0_IRQHandler</a> from startup_mkl02z4.o(.text) referenced from startup_mkl02z4.o(RESET)
 <LI><a href="#[19]">TPM1_IRQHandler</a> from startup_mkl02z4.o(.text) referenced from startup_mkl02z4.o(RESET)
 <LI><a href="#[23]">TimerHandler</a> from startup_mkl02z4.o(.text) referenced from startup_mkl02z4.o(RESET)
 <LI><a href="#[13]">UART0_IRQHandler</a> from startup_mkl02z4.o(.text) referenced from startup_mkl02z4.o(RESET)
</UL>
<P>
<H3>
Global Symbols
</H3>
<P><STRONG><a name="[2c]"></a>__asm___16_system_MKL02Z4_c_5d646a67____REV16</STRONG> (Thumb, 4 bytes, Stack size 0 bytes, system_mkl02z4.o(.rev16_text), UNUSED)

<P><STRONG><a name="[2d]"></a>__asm___6_main_c_AppMain____REV16</STRONG> (Thumb, 4 bytes, Stack size 0 bytes, main.o(.rev16_text), UNUSED)

<P><STRONG><a name="[2e]"></a>__asm___16_system_MKL02Z4_c_5d646a67____REVSH</STRONG> (Thumb, 4 bytes, Stack size 0 bytes, system_mkl02z4.o(.revsh_text), UNUSED)

<P><STRONG><a name="[2f]"></a>__asm___6_main_c_AppMain____REVSH</STRONG> (Thumb, 4 bytes, Stack size 0 bytes, main.o(.revsh_text), UNUSED)

<P><STRONG><a name="[1]"></a>Reset_Handler</STRONG> (Thumb, 8 bytes, Stack size 0 bytes, startup_mkl02z4.o(.text))
<BR>[Address Reference Count : 1]<UL><LI> startup_mkl02z4.o(RESET)
</UL>
<P><STRONG><a name="[2]"></a>NMI_Handler</STRONG> (Thumb, 2 bytes, Stack size 0 bytes, startup_mkl02z4.o(.text))
<BR><BR>[Calls]<UL><LI><a href="#[2]">&gt;&gt;</a>&nbsp;&nbsp;&nbsp;NMI_Handler
</UL>
<BR>[Called By]<UL><LI><a href="#[2]">&gt;&gt;</a>&nbsp;&nbsp;&nbsp;NMI_Handler
</UL>
<BR>[Address Reference Count : 1]<UL><LI> startup_mkl02z4.o(RESET)
</UL>
<P><STRONG><a name="[3]"></a>HardFault_Handler</STRONG> (Thumb, 2 bytes, Stack size 0 bytes, startup_mkl02z4.o(.text))
<BR><BR>[Calls]<UL><LI><a href="#[3]">&gt;&gt;</a>&nbsp;&nbsp;&nbsp;HardFault_Handler
</UL>
<BR>[Called By]<UL><LI><a href="#[3]">&gt;&gt;</a>&nbsp;&nbsp;&nbsp;HardFault_Handler
</UL>
<BR>[Address Reference Count : 1]<UL><LI> startup_mkl02z4.o(RESET)
</UL>
<P><STRONG><a name="[4]"></a>SVC_Handler</STRONG> (Thumb, 2 bytes, Stack size 0 bytes, startup_mkl02z4.o(.text))
<BR><BR>[Calls]<UL><LI><a href="#[4]">&gt;&gt;</a>&nbsp;&nbsp;&nbsp;SVC_Handler
</UL>
<BR>[Called By]<UL><LI><a href="#[4]">&gt;&gt;</a>&nbsp;&nbsp;&nbsp;SVC_Handler
</UL>
<BR>[Address Reference Count : 1]<UL><LI> startup_mkl02z4.o(RESET)
</UL>
<P><STRONG><a name="[5]"></a>PendSV_Handler</STRONG> (Thumb, 2 bytes, Stack size 0 bytes, startup_mkl02z4.o(.text))
<BR><BR>[Calls]<UL><LI><a href="#[5]">&gt;&gt;</a>&nbsp;&nbsp;&nbsp;PendSV_Handler
</UL>
<BR>[Called By]<UL><LI><a href="#[5]">&gt;&gt;</a>&nbsp;&nbsp;&nbsp;PendSV_Handler
</UL>
<BR>[Address Reference Count : 1]<UL><LI> startup_mkl02z4.o(RESET)
</UL>
<P><STRONG><a name="[6]"></a>SysTick_Handler</STRONG> (Thumb, 2 bytes, Stack size 0 bytes, startup_mkl02z4.o(.text))
<BR><BR>[Calls]<UL><LI><a href="#[6]">&gt;&gt;</a>&nbsp;&nbsp;&nbsp;SysTick_Handler
</UL>
<BR>[Called By]<UL><LI><a href="#[6]">&gt;&gt;</a>&nbsp;&nbsp;&nbsp;SysTick_Handler
</UL>
<BR>[Address Reference Count : 1]<UL><LI> startup_mkl02z4.o(RESET)
</UL>
<P><STRONG><a name="[16]"></a>ADC0_IRQHandler</STRONG> (Thumb, 0 bytes, Stack size 0 bytes, startup_mkl02z4.o(.text))
<BR><BR>[Calls]<UL><LI><a href="#[16]">&gt;&gt;</a>&nbsp;&nbsp;&nbsp;ADC0_IRQHandler
</UL>
<BR>[Called By]<UL><LI><a href="#[16]">&gt;&gt;</a>&nbsp;&nbsp;&nbsp;ADC0_IRQHandler
</UL>
<BR>[Address Reference Count : 1]<UL><LI> startup_mkl02z4.o(RESET)
</UL>
<P><STRONG><a name="[17]"></a>CMP0_IRQHandler</STRONG> (Thumb, 0 bytes, Stack size 0 bytes, startup_mkl02z4.o(.text))
<BR>[Address Reference Count : 1]<UL><LI> startup_mkl02z4.o(RESET)
</UL>
<P><STRONG><a name="[30]"></a>DefaultISR</STRONG> (Thumb, 0 bytes, Stack size 0 bytes, startup_mkl02z4.o(.text), UNUSED)

<P><STRONG><a name="[c]"></a>FTFA_IRQHandler</STRONG> (Thumb, 0 bytes, Stack size 0 bytes, startup_mkl02z4.o(.text))
<BR>[Address Reference Count : 1]<UL><LI> startup_mkl02z4.o(RESET)
</UL>
<P><STRONG><a name="[f]"></a>I2C0_IRQHandler</STRONG> (Thumb, 0 bytes, Stack size 0 bytes, startup_mkl02z4.o(.text))
<BR>[Address Reference Count : 1]<UL><LI> startup_mkl02z4.o(RESET)
</UL>
<P><STRONG><a name="[10]"></a>I2C1_IRQHandler</STRONG> (Thumb, 0 bytes, Stack size 0 bytes, startup_mkl02z4.o(.text))
<BR>[Address Reference Count : 1]<UL><LI> startup_mkl02z4.o(RESET)
</UL>
<P><STRONG><a name="[d]"></a>LVD_LVW_IRQHandler</STRONG> (Thumb, 0 bytes, Stack size 0 bytes, startup_mkl02z4.o(.text))
<BR>[Address Reference Count : 1]<UL><LI> startup_mkl02z4.o(RESET)
</UL>
<P><STRONG><a name="[22]"></a>MCG_IRQHandler</STRONG> (Thumb, 0 bytes, Stack size 0 bytes, startup_mkl02z4.o(.text))
<BR>[Address Reference Count : 1]<UL><LI> startup_mkl02z4.o(RESET)
</UL>
<P><STRONG><a name="[25]"></a>PORTA_IRQHandler</STRONG> (Thumb, 0 bytes, Stack size 0 bytes, startup_mkl02z4.o(.text))
<BR>[Address Reference Count : 1]<UL><LI> startup_mkl02z4.o(RESET)
</UL>
<P><STRONG><a name="[26]"></a>PORTB_IRQHandler</STRONG> (Thumb, 0 bytes, Stack size 0 bytes, startup_mkl02z4.o(.text))
<BR>[Address Reference Count : 1]<UL><LI> startup_mkl02z4.o(RESET)
</UL>
<P><STRONG><a name="[7]"></a>Reserved16_IRQHandler</STRONG> (Thumb, 0 bytes, Stack size 0 bytes, startup_mkl02z4.o(.text))
<BR>[Address Reference Count : 1]<UL><LI> startup_mkl02z4.o(RESET)
</UL>
<P><STRONG><a name="[8]"></a>Reserved17_IRQHandler</STRONG> (Thumb, 0 bytes, Stack size 0 bytes, startup_mkl02z4.o(.text))
<BR>[Address Reference Count : 1]<UL><LI> startup_mkl02z4.o(RESET)
</UL>
<P><STRONG><a name="[9]"></a>Reserved18_IRQHandler</STRONG> (Thumb, 0 bytes, Stack size 0 bytes, startup_mkl02z4.o(.text))
<BR>[Address Reference Count : 1]<UL><LI> startup_mkl02z4.o(RESET)
</UL>
<P><STRONG><a name="[a]"></a>Reserved19_IRQHandler</STRONG> (Thumb, 0 bytes, Stack size 0 bytes, startup_mkl02z4.o(.text))
<BR>[Address Reference Count : 1]<UL><LI> startup_mkl02z4.o(RESET)
</UL>
<P><STRONG><a name="[b]"></a>Reserved20_IRQHandler</STRONG> (Thumb, 0 bytes, Stack size 0 bytes, startup_mkl02z4.o(.text))
<BR>[Address Reference Count : 1]<UL><LI> startup_mkl02z4.o(RESET)
</UL>
<P><STRONG><a name="[e]"></a>Reserved23_IRQHandler</STRONG> (Thumb, 0 bytes, Stack size 0 bytes, startup_mkl02z4.o(.text))
<BR>[Address Reference Count : 1]<UL><LI> startup_mkl02z4.o(RESET)
</UL>
<P><STRONG><a name="[12]"></a>Reserved27_IRQHandler</STRONG> (Thumb, 0 bytes, Stack size 0 bytes, startup_mkl02z4.o(.text))
<BR>[Address Reference Count : 1]<UL><LI> startup_mkl02z4.o(RESET)
</UL>
<P><STRONG><a name="[14]"></a>Reserved29_IRQHandler</STRONG> (Thumb, 0 bytes, Stack size 0 bytes, startup_mkl02z4.o(.text))
<BR>[Address Reference Count : 1]<UL><LI> startup_mkl02z4.o(RESET)
</UL>
<P><STRONG><a name="[15]"></a>Reserved30_IRQHandler</STRONG> (Thumb, 0 bytes, Stack size 0 bytes, startup_mkl02z4.o(.text))
<BR>[Address Reference Count : 1]<UL><LI> startup_mkl02z4.o(RESET)
</UL>
<P><STRONG><a name="[1a]"></a>Reserved35_IRQHandler</STRONG> (Thumb, 0 bytes, Stack size 0 bytes, startup_mkl02z4.o(.text))
<BR>[Address Reference Count : 1]<UL><LI> startup_mkl02z4.o(RESET)
</UL>
<P><STRONG><a name="[1b]"></a>Reserved36_IRQHandler</STRONG> (Thumb, 0 bytes, Stack size 0 bytes, startup_mkl02z4.o(.text))
<BR>[Address Reference Count : 1]<UL><LI> startup_mkl02z4.o(RESET)
</UL>
<P><STRONG><a name="[1c]"></a>Reserved37_IRQHandler</STRONG> (Thumb, 0 bytes, Stack size 0 bytes, startup_mkl02z4.o(.text))
<BR>[Address Reference Count : 1]<UL><LI> startup_mkl02z4.o(RESET)
</UL>
<P><STRONG><a name="[1d]"></a>Reserved38_IRQHandler</STRONG> (Thumb, 0 bytes, Stack size 0 bytes, startup_mkl02z4.o(.text))
<BR>[Address Reference Count : 1]<UL><LI> startup_mkl02z4.o(RESET)
</UL>
<P><STRONG><a name="[1e]"></a>Reserved39_IRQHandler</STRONG> (Thumb, 0 bytes, Stack size 0 bytes, startup_mkl02z4.o(.text))
<BR>[Address Reference Count : 1]<UL><LI> startup_mkl02z4.o(RESET)
</UL>
<P><STRONG><a name="[1f]"></a>Reserved40_IRQHandler</STRONG> (Thumb, 0 bytes, Stack size 0 bytes, startup_mkl02z4.o(.text))
<BR>[Address Reference Count : 1]<UL><LI> startup_mkl02z4.o(RESET)
</UL>
<P><STRONG><a name="[20]"></a>Reserved41_IRQHandler</STRONG> (Thumb, 0 bytes, Stack size 0 bytes, startup_mkl02z4.o(.text))
<BR>[Address Reference Count : 1]<UL><LI> startup_mkl02z4.o(RESET)
</UL>
<P><STRONG><a name="[21]"></a>Reserved42_IRQHandler</STRONG> (Thumb, 0 bytes, Stack size 0 bytes, startup_mkl02z4.o(.text))
<BR>[Address Reference Count : 1]<UL><LI> startup_mkl02z4.o(RESET)
</UL>
<P><STRONG><a name="[24]"></a>Reserved45_IRQHandler</STRONG> (Thumb, 0 bytes, Stack size 0 bytes, startup_mkl02z4.o(.text))
<BR>[Address Reference Count : 1]<UL><LI> startup_mkl02z4.o(RESET)
</UL>
<P><STRONG><a name="[11]"></a>SPI0_IRQHandler</STRONG> (Thumb, 0 bytes, Stack size 0 bytes, startup_mkl02z4.o(.text))
<BR>[Address Reference Count : 1]<UL><LI> startup_mkl02z4.o(RESET)
</UL>
<P><STRONG><a name="[18]"></a>TPM0_IRQHandler</STRONG> (Thumb, 0 bytes, Stack size 0 bytes, startup_mkl02z4.o(.text))
<BR>[Address Reference Count : 1]<UL><LI> startup_mkl02z4.o(RESET)
</UL>
<P><STRONG><a name="[19]"></a>TPM1_IRQHandler</STRONG> (Thumb, 0 bytes, Stack size 0 bytes, startup_mkl02z4.o(.text))
<BR>[Address Reference Count : 1]<UL><LI> startup_mkl02z4.o(RESET)
</UL>
<P><STRONG><a name="[23]"></a>TimerHandler</STRONG> (Thumb, 0 bytes, Stack size 0 bytes, startup_mkl02z4.o(.text))
<BR>[Address Reference Count : 1]<UL><LI> startup_mkl02z4.o(RESET)
</UL>
<P><STRONG><a name="[13]"></a>UART0_IRQHandler</STRONG> (Thumb, 0 bytes, Stack size 0 bytes, startup_mkl02z4.o(.text))
<BR>[Address Reference Count : 1]<UL><LI> startup_mkl02z4.o(RESET)
</UL>
<P><STRONG><a name="[31]"></a>__user_initial_stackheap</STRONG> (Thumb, 0 bytes, Stack size unknown bytes, startup_mkl02z4.o(.text), UNUSED)

<P><STRONG><a name="[32]"></a>__aeabi_uidiv</STRONG> (Thumb, 0 bytes, Stack size 0 bytes, aeabi_sdiv.o(.text), UNUSED)

<P><STRONG><a name="[2a]"></a>__aeabi_uidivmod</STRONG> (Thumb, 20 bytes, Stack size 0 bytes, aeabi_sdiv.o(.text), UNUSED)
<BR><BR>[Called By]<UL><LI><a href="#[29]">&gt;&gt;</a>&nbsp;&nbsp;&nbsp;SystemCoreClockUpdate
</UL>

<P><STRONG><a name="[33]"></a>__aeabi_idiv</STRONG> (Thumb, 0 bytes, Stack size 8 bytes, aeabi_sdiv.o(.text), UNUSED)

<P><STRONG><a name="[34]"></a>__aeabi_idivmod</STRONG> (Thumb, 326 bytes, Stack size 8 bytes, aeabi_sdiv.o(.text), UNUSED)

<P><STRONG><a name="[35]"></a>__use_two_region_memory</STRONG> (Thumb, 2 bytes, Stack size 0 bytes, heapauxi.o(.text), UNUSED)

<P><STRONG><a name="[36]"></a>__rt_heap_escrow$2region</STRONG> (Thumb, 2 bytes, Stack size 0 bytes, heapauxi.o(.text), UNUSED)

<P><STRONG><a name="[37]"></a>__rt_heap_expand$2region</STRONG> (Thumb, 2 bytes, Stack size 0 bytes, heapauxi.o(.text), UNUSED)

<P><STRONG><a name="[28]"></a>AppMain</STRONG> (Thumb, 4 bytes, Stack size 0 bytes, main.o(i.AppMain))
<BR>[Address Reference Count : 1]<UL><LI> startup_mkl02z4.o(.text)
</UL>
<P><STRONG><a name="[29]"></a>SystemCoreClockUpdate</STRONG> (Thumb, 254 bytes, Stack size 16 bytes, system_mkl02z4.o(i.SystemCoreClockUpdate), UNUSED)
<BR><BR>[Calls]<UL><LI><a href="#[2a]">&gt;&gt;</a>&nbsp;&nbsp;&nbsp;__aeabi_uidivmod
<LI><a href="#[2b]">&gt;&gt;</a>&nbsp;&nbsp;&nbsp;__ARM_common_switch8
</UL>

<P><STRONG><a name="[2b]"></a>__ARM_common_switch8</STRONG> (Thumb, 28 bytes, Stack size 8 bytes, system_mkl02z4.o(i.__ARM_common_switch8), UNUSED)
<BR><BR>[Called By]<UL><LI><a href="#[29]">&gt;&gt;</a>&nbsp;&nbsp;&nbsp;SystemCoreClockUpdate
</UL>

<P><STRONG><a name="[27]"></a>SystemInit</STRONG> (Thumb, 126 bytes, Stack size 0 bytes, system_mkl02z4.o(i.SystemInit))
<BR>[Address Reference Count : 1]<UL><LI> startup_mkl02z4.o(.text)
</UL><P>
<H3>
Local Symbols
</H3><P>
<H3>
Undefined Global Symbols
</H3><HR></body></html>
